// Jest Snapshot v1, https://goo.gl/fbAQLP

exports[`Testing our App Component 1`] = `null`;
